// Jest Snapshot v1, https://goo.gl/fbAQLP

exports[`<Main /> Renders the Main component 1`] = `
.emotion-0 {
  -webkit-flex: 1;
  -ms-flex: 1;
  flex: 1;
  padding: 50px 15px;
}

<div>
  <main
    class="emotion-0 emotion-1"
  >
    Sample
  </main>
</div>
`;
