// Jest Snapshot v1, https://goo.gl/fbAQLP

exports[`<Link /> Renders the Link component 1`] = `
.emotion-0 {
  color: #43b578;
  font-size: 14px;
}

<div>
  <a
    class="emotion-0 emotion-1"
    href="#"
  >
    Sample
  </a>
</div>
`;
